
Running sim with aoa: 0.0
----------------------------------------------
simulating aero
Rotor Rotor_0 is rotor 0
Adding constant motion lambda for frame Rotor_0. Part of rotor 0
mus: [0.10966667]
omegas: [-200]
wake_history_revs: [1]
wake_history_length: [360]
requested_elements: 48, actual elements:  48
Freestream vel: 32.9 m/s
wake_history_length: [360]
num_rotors: 1
post_conv_revolutions: 2
Performing simulation
0.00221: rotor rev: 0.000,0.00000:  C_T0: 0.0000, T0: 0.0000, P0: 0.0000, Mx_0: 0.0000, My_0: 0.0000, θ0: 0.0000, θmin0: 0.0000, θmax0: 0.0000, θRMS0: 0.0000, χ0: 0.00, combined_C_T: 0.00000, max L_2: 1000
5.10943: rotor rev: 1.000,4.98670:  C_T0: 0.0100, T0: 7636.9350, P0: 109782.4711, Mx_0: 1205.5008, My_0: -649.7256, θ0: 8.9479, θmin0: 3.0000, θmax0: 11.1045, θRMS0: 9.0720, χ0: 45.56, combined_C_T: 0.00996, max L_2: nan
5.98518: rotor rev: 2.000,5.85147:  C_T0: 0.0100, T0: 7666.2870, P0: 144126.9713, Mx_0: 1533.5843, My_0: -1734.0405, θ0: 11.5964, θmin0: 11.0810, θmax0: 11.9856, θRMS0: 11.5986, χ0: 63.67, combined_C_T: 0.01000, max L_2: 0.09632349307839454
5.65139: rotor rev: 3.000,5.52233:  C_T0: 0.0100, T0: 7669.9923, P0: 143163.4858, Mx_0: 1585.2265, My_0: -1767.7579, θ0: 11.6619, θmin0: 11.4252, θmax0: 11.9500, θRMS0: 11.6626, χ0: 69.41, combined_C_T: 0.01000, max L_2: 0.08793193317215689
5.59427: rotor rev: 4.000,5.45895:  C_T0: 0.0100, T0: 7669.5001, P0: 142175.6213, Mx_0: 1557.6402, My_0: -1672.6069, θ0: 11.4159, θmin0: 11.2550, θmax0: 11.6014, θRMS0: 11.4164, χ0: 70.94, combined_C_T: 0.01000, max L_2: 0.04307455794422425
6.38507: rotor rev: 5.000,6.23691:  C_T0: 0.0100, T0: 7669.0233, P0: 141413.7820, Mx_0: 1554.8918, My_0: -1656.9063, θ0: 11.3761, θmin0: 11.2492, θmax0: 11.5296, θRMS0: 11.3766, χ0: 70.98, combined_C_T: 0.01000, max L_2: 0.0038578454251276813
6.14478: rotor rev: 6.000,6.00561:  C_T0: 0.0100, T0: 7669.0823, P0: 141495.1719, Mx_0: 1555.2179, My_0: -1660.1247, θ0: 11.3802, θmin0: 11.2552, θmax0: 11.5321, θRMS0: 11.3806, χ0: 71.05, combined_C_T: 0.01000, max L_2: 0.001304814822526977
6.04877: rotor rev: 7.000,5.91621:  C_T0: 0.0100, T0: 7669.0667, P0: 141473.2581, Mx_0: 1554.3592, My_0: -1657.8071, θ0: 11.3747, θmin0: 11.2513, θmax0: 11.5247, θRMS0: 11.3751, χ0: 71.08, combined_C_T: 0.01000, max L_2: 0.0010844200923801704
Simulation reached convergence criteria: 0.0001963346489659393
6.27322: rotor rev: 8.000,6.13018:  C_T0: 0.0100, T0: 7669.0559, P0: 141454.3029, Mx_0: 1554.4739, My_0: -1657.8225, θ0: 11.3748, θmin0: 11.2513, θmax0: 11.5250, θRMS0: 11.3752, χ0: 71.07, combined_C_T: 0.01000, max L_2: 0.0001963346489659393
276.53451: rotor rev: 9.000,6.79602:  C_T0: 0.0100, T0: 7669.0609, P0: 141461.9919, Mx_0: 1554.4930, My_0: -1658.0062, θ0: 11.3751, θmin0: 11.2522, θmax0: 11.5252, θRMS0: 11.3755, χ0: 71.07, combined_C_T: 0.01000, max L_2: 6.404095102555733e-05
249.09912: rotor rev: 10.000,6.54409:  C_T0: 0.0100, T0: 7669.0597, P0: 141460.3223, Mx_0: 1554.4596, My_0: -1657.8975, θ0: 11.3749, θmin0: 11.2519, θmax0: 11.5249, θRMS0: 11.3753, χ0: 71.07, combined_C_T: 0.01000, max L_2: 4.437107425057615e-05

Running sim with aoa: 0.0
----------------------------------------------
simulating aero
