
Running sim with aoa: 0.0
----------------------------------------------
simulating aero
Rotor Rotor_0 is rotor 0
Adding constant motion lambda for frame Rotor_0. Part of rotor 0
mus: [0.]
omegas: [200]
wake_history_revs: [2]
wake_history_length: [720]
requested_elements: 48, actual elements:  48
Freestream vel: 0.0 m/s
wake_history_length: [720]
num_rotors: 1
post_conv_revolutions: 2
Performing simulation
0.00193: rotor rev: 0.000,0.00000:  C_T0: 0.0000, T0: 0.0000, P0: 0.0000, Mx_0: 0.0000, My_0: 0.0000, θ0: 0.0000, θmin0: 0.0000, θmax0: 0.0000, θRMS0: 0.0000, χ0: 0.00, combined_C_T: 0.00000, max L_2: 1000
5.04320: rotor rev: 1.000,4.92843:  C_T0: 0.0100, T0: 7634.3381, P0: 126711.3027, Mx_0: -164.3268, My_0: -2.7868, θ0: 9.3077, θmin0: 3.0000, θmax0: 11.7525, θRMS0: 9.4567, χ0: 0.00, combined_C_T: 0.00995, max L_2: nan
6.61774: rotor rev: 2.000,6.49133:  C_T0: 0.0100, T0: 7660.6846, P0: 223071.7653, Mx_0: -46.3086, My_0: -0.0494, θ0: 12.9314, θmin0: 11.7549, θmax0: 13.8726, θRMS0: 12.9460, χ0: 0.00, combined_C_T: 0.00999, max L_2: nan
7.19387: rotor rev: 3.000,7.06532:  C_T0: 0.0100, T0: 7668.7873, P0: 247362.0898, Mx_0: -5.7845, My_0: -0.0209, θ0: 13.8851, θmin0: 13.8100, θmax0: 13.9685, θRMS0: 13.8851, χ0: 0.00, combined_C_T: 0.01000, max L_2: 0.07198762178587426
7.08752: rotor rev: 4.000,6.96002:  C_T0: 0.0100, T0: 7668.9505, P0: 248821.3426, Mx_0: -1.0685, My_0: -0.0350, θ0: 13.9422, θmin0: 13.8732, θmax0: 14.0017, θRMS0: 13.9422, χ0: 0.00, combined_C_T: 0.01000, max L_2: 0.005329448190118589
7.22485: rotor rev: 5.000,7.09312:  C_T0: 0.0100, T0: 7669.1371, P0: 248682.2010, Mx_0: -0.1862, My_0: -0.0087, θ0: 13.9361, θmin0: 13.8799, θmax0: 13.9933, θRMS0: 13.9361, χ0: 0.00, combined_C_T: 0.01000, max L_2: 0.005074636335678627
7.21151: rotor rev: 6.000,7.08307:  C_T0: 0.0100, T0: 7669.1136, P0: 248275.4476, Mx_0: -0.0363, My_0: -0.0022, θ0: 13.9196, θmin0: 13.8651, θmax0: 13.9753, θRMS0: 13.9196, χ0: 0.00, combined_C_T: 0.01000, max L_2: 0.002401775285264174
Simulation reached convergence criteria: 0.0009938638219383572
7.05373: rotor rev: 7.000,6.92518:  C_T0: 0.0100, T0: 7669.0882, P0: 248017.5258, Mx_0: -0.0072, My_0: -0.0005, θ0: 13.9092, θmin0: 13.8567, θmax0: 13.9631, θRMS0: 13.9092, χ0: 0.00, combined_C_T: 0.01000, max L_2: 0.0009938638219383572
262.42887: rotor rev: 8.000,7.19530:  C_T0: 0.0100, T0: 7669.0725, P0: 247892.4675, Mx_0: -0.0014, My_0: -0.0001, θ0: 13.9042, θmin0: 13.8529, θmax0: 13.9570, θRMS0: 13.9042, χ0: 0.00, combined_C_T: 0.01000, max L_2: 0.0003745638564181561
257.27905: rotor rev: 9.000,7.37382:  C_T0: 0.0100, T0: 7669.0649, P0: 247838.3069, Mx_0: -0.0003, My_0: -0.0000, θ0: 13.9020, θmin0: 13.8512, θmax0: 13.9543, θRMS0: 13.9020, χ0: 0.00, combined_C_T: 0.01000, max L_2: 0.0001342546744216613

Running sim with aoa: 0.0
----------------------------------------------
simulating aero
