
Running sim with aoa: 0.0
----------------------------------------------
simulating aero
Rotor Rotor_0 is rotor 0
Adding constant motion lambda for frame Rotor_0. Part of rotor 0
mus: [0.]
omegas: [-200]
wake_history_revs: [2]
wake_history_length: [720]
requested_elements: 48, actual elements:  48
Freestream vel: 0.0 m/s
wake_history_length: [720]
num_rotors: 1
post_conv_revolutions: 2
Performing simulation
0.00187: rotor rev: 0.000,0.00000:  C_T0: 0.0000, T0: 0.0000, P0: 0.0000, Mx_0: 0.0000, My_0: 0.0000, θ0: 0.0000, θmin0: 0.0000, θmax0: 0.0000, θRMS0: 0.0000, χ0: 0.00, combined_C_T: 0.00000, max L_2: 1000
4.68052: rotor rev: 1.000,4.56941:  C_T0: 0.0100, T0: 7634.3332, P0: 126834.6891, Mx_0: -161.5995, My_0: -11.9378, θ0: 9.3108, θmin0: 3.0000, θmax0: 11.7537, θRMS0: 9.4598, χ0: 0.00, combined_C_T: 0.00995, max L_2: nan
6.63299: rotor rev: 2.000,6.49862:  C_T0: 0.0100, T0: 7660.6882, P0: 223095.4390, Mx_0: -44.7296, My_0: -5.5237, θ0: 12.9322, θmin0: 11.7562, θmax0: 13.8730, θRMS0: 12.9467, χ0: 0.00, combined_C_T: 0.00999, max L_2: nan
7.29041: rotor rev: 3.000,7.15758:  C_T0: 0.0100, T0: 7668.7885, P0: 247361.6399, Mx_0: -5.4553, My_0: -1.1857, θ0: 13.8850, θmin0: 13.8101, θmax0: 13.9685, θRMS0: 13.8851, χ0: 0.00, combined_C_T: 0.01000, max L_2: 0.02857662350342612
7.27233: rotor rev: 4.000,7.13893:  C_T0: 0.0100, T0: 7668.9506, P0: 248821.8394, Mx_0: -0.9799, My_0: -0.2695, θ0: 13.9422, θmin0: 13.8732, θmax0: 14.0017, θRMS0: 13.9422, χ0: 0.00, combined_C_T: 0.01000, max L_2: 0.008160451366947572
Simulation reached convergence criteria: 0.005651687322690023
7.32267: rotor rev: 5.000,7.19290:  C_T0: 0.0100, T0: 7669.1371, P0: 248682.1819, Mx_0: -0.1638, My_0: -0.0613, θ0: 13.9361, θmin0: 13.8799, θmax0: 13.9933, θRMS0: 13.9361, χ0: 0.00, combined_C_T: 0.01000, max L_2: 0.005651687322690023
8.29292: rotor rev: 6.000,6.67200:  C_T0: 0.0100, T0: 7669.1136, P0: 248275.3955, Mx_0: -0.0302, My_0: -0.0145, θ0: 13.9196, θmin0: 13.8651, θmax0: 13.9753, θRMS0: 13.9196, χ0: 0.00, combined_C_T: 0.01000, max L_2: 0.0024967360880272936
9.17471: rotor rev: 7.000,7.28282:  C_T0: 0.0100, T0: 7669.0882, P0: 248017.4609, Mx_0: -0.0056, My_0: -0.0033, θ0: 13.9092, θmin0: 13.8567, θmax0: 13.9631, θRMS0: 13.9092, χ0: 0.00, combined_C_T: 0.01000, max L_2: 0.001011388492887636

Running sim with aoa: 0.0
----------------------------------------------
simulating aero
