
Running sim with aoa: 0.0
----------------------------------------------
simulating aero
Rotor Rotor_0 is rotor 0
Adding constant motion lambda for frame Rotor_0. Part of rotor 0
mus: [0.10966667]
omegas: [-200]
wake_history_revs: [1]
wake_history_length: [360]
requested_elements: 48, actual elements:  48
Freestream vel: 32.9 m/s
wake_history_length: [360]
num_rotors: 1
post_conv_revolutions: 2
Performing simulation
0.00181: rotor rev: 0.000,0.00000:  C_T0: 0.0000, T0: 0.0000, P0: 0.0000, Mx_0: 0.0000, My_0: 0.0000, θ0: 0.0000, θmin0: 0.0000, θmax0: 0.0000, θRMS0: 0.0000, χ0: 0.00, combined_C_T: 0.00000, max L_2: 1000
5.46427: rotor rev: 1.000,5.35284:  C_T0: 0.0100, T0: 7686.4132, P0: -109218.9265, Mx_0: 1052.9948, My_0: 841.9124, θ0: 1.6868, θmin0: -1.3781, θmax0: 5.4280, θRMS0: 2.4935, χ0: 45.43, combined_C_T: 0.01002, max L_2: nan
6.40051: rotor rev: 2.000,6.27493:  C_T0: 0.0100, T0: 7684.7219, P0: -323322.8749, Mx_0: 708.2422, My_0: 3791.8950, θ0: -2.8539, θmin0: -5.2819, θmax0: -1.3296, θRMS0: 3.0131, χ0: 63.02, combined_C_T: 0.01002, max L_2: 0.19647720222206796
6.20392: rotor rev: 3.000,6.08021:  C_T0: 0.0100, T0: 7678.5601, P0: -414969.0419, Mx_0: 419.9579, My_0: 5696.2934, θ0: -6.6814, θmin0: -9.4769, θmax0: -3.9868, θRMS0: 6.8202, χ0: 68.76, combined_C_T: 0.01001, max L_2: 0.09722428280573019
6.04965: rotor rev: 4.000,5.92792:  C_T0: 0.0100, T0: 7659.4931, P0: -420553.8326, Mx_0: 898.0553, My_0: 6081.5546, θ0: -6.7727, θmin0: -9.0689, θmax0: -4.8198, θRMS0: 6.8398, χ0: 68.68, combined_C_T: 0.00999, max L_2: 0.1691567302794388
6.20335: rotor rev: 5.000,6.07570:  C_T0: 0.0100, T0: 7677.1251, P0: -462864.7736, Mx_0: 846.5278, My_0: 5922.6270, θ0: -7.0209, θmin0: -9.2344, θmax0: -4.7534, θRMS0: 7.0894, χ0: 71.31, combined_C_T: 0.01001, max L_2: 0.21749336734136648
6.15692: rotor rev: 6.000,6.02483:  C_T0: 0.0100, T0: 7665.5119, P0: -437848.5186, Mx_0: 869.2888, My_0: 6471.4303, θ0: -7.6373, θmin0: -9.8696, θmax0: -5.7881, θRMS0: 7.6797, χ0: 71.18, combined_C_T: 0.01000, max L_2: 0.18269013359645697
6.23857: rotor rev: 7.000,6.10258:  C_T0: 0.0100, T0: 7673.3119, P0: -453068.9574, Mx_0: 938.2144, My_0: 5970.0688, θ0: -7.1555, θmin0: -9.6494, θmax0: -5.3848, θRMS0: 7.2091, χ0: 70.32, combined_C_T: 0.01001, max L_2: 0.14744111785413475
6.24068: rotor rev: 8.000,6.10108:  C_T0: 0.0100, T0: 7664.7244, P0: -443529.6141, Mx_0: 929.8693, My_0: 6520.3887, θ0: -7.7651, θmin0: -10.2426, θmax0: -5.7713, θRMS0: 7.8144, χ0: 71.89, combined_C_T: 0.00999, max L_2: 0.1471855671664165
6.09814: rotor rev: 9.000,5.97128:  C_T0: 0.0100, T0: 7672.8650, P0: -454426.3186, Mx_0: 951.0978, My_0: 5916.3242, θ0: -7.0236, θmin0: -9.4824, θmax0: -5.3806, θRMS0: 7.0730, χ0: 70.31, combined_C_T: 0.01000, max L_2: 0.1443674368125719
6.27535: rotor rev: 10.000,6.13410:  C_T0: 0.0100, T0: 7665.5730, P0: -443638.8258, Mx_0: 910.6701, My_0: 6553.0550, θ0: -7.8036, θmin0: -10.2097, θmax0: -5.8344, θRMS0: 7.8503, χ0: 72.17, combined_C_T: 0.01000, max L_2: 0.1395012708812828
6.08133: rotor rev: 11.000,5.95336:  C_T0: 0.0100, T0: 7672.1398, P0: -453758.6429, Mx_0: 963.2193, My_0: 5878.9751, θ0: -6.9545, θmin0: -9.3538, θmax0: -5.4218, θRMS0: 7.0008, χ0: 70.11, combined_C_T: 0.01000, max L_2: 0.1362516710401381
6.00025: rotor rev: 12.000,5.86727:  C_T0: 0.0100, T0: 7666.9365, P0: -445669.2815, Mx_0: 869.4224, My_0: 6582.1845, θ0: -7.9232, θmin0: -10.1384, θmax0: -6.0032, θRMS0: 7.9658, χ0: 72.40, combined_C_T: 0.01000, max L_2: 0.1291378511438302
6.05175: rotor rev: 13.000,5.92033:  C_T0: 0.0100, T0: 7670.8052, P0: -453869.8153, Mx_0: 993.6356, My_0: 5898.1645, θ0: -6.9891, θmin0: -9.3146, θmax0: -5.5383, θRMS0: 7.0314, χ0: 69.91, combined_C_T: 0.01000, max L_2: 0.1210866859817343
6.37472: rotor rev: 14.000,6.21712:  C_T0: 0.0100, T0: 7668.8628, P0: -447901.4958, Mx_0: 824.9858, My_0: 6584.7226, θ0: -8.0806, θmin0: -10.2503, θmax0: -6.2660, θRMS0: 8.1189, χ0: 72.53, combined_C_T: 0.01000, max L_2: 0.11185878383893608
6.91337: rotor rev: 15.000,6.73819:  C_T0: 0.0100, T0: 7668.6628, P0: -454777.0879, Mx_0: 1039.1183, My_0: 5960.0854, θ0: -7.1021, θmin0: -9.2240, θmax0: -5.6296, θRMS0: 7.1397, χ0: 69.81, combined_C_T: 0.01000, max L_2: 0.1003500387280217
Simulation reached convergence criteria: 0.09082922706991851
6.45376: rotor rev: 16.000,6.29930:  C_T0: 0.0100, T0: 7670.0981, P0: -446383.8934, Mx_0: 829.1861, My_0: 6554.1696, θ0: -8.0693, θmin0: -10.2598, θmax0: -6.3795, θRMS0: 8.1038, χ0: 72.48, combined_C_T: 0.01000, max L_2: 0.09082922706991851
251.36414: rotor rev: 17.000,6.03593:  C_T0: 0.0100, T0: 7667.8440, P0: -453367.1581, Mx_0: 1050.7581, My_0: 5993.7324, θ0: -7.1808, θmin0: -9.2337, θmax0: -5.7516, θRMS0: 7.2159, χ0: 69.87, combined_C_T: 0.01000, max L_2: 0.08492305459807968
247.18851: rotor rev: 18.000,6.19283:  C_T0: 0.0100, T0: 7670.6191, P0: -445119.6213, Mx_0: 841.2104, My_0: 6528.0659, θ0: -8.0488, θmin0: -10.1794, θmax0: -6.4373, θRMS0: 8.0815, χ0: 72.37, combined_C_T: 0.01000, max L_2: 0.07976755333276268

Running sim with aoa: 0.0
----------------------------------------------
simulating aero
