
Running sim with aoa: 0.0
----------------------------------------------
simulating aero
Rotor Rotor is rotor 0
Adding constant motion lambda for frame Rotor. Part of rotor 0. omega = -103.74, vector = 0.0, 0.0, 1.0
mus: [0.96044519]
omegas: [-103.74]
wake_history_revs: [1]
wake_history_length: [360]
requested_elements: 48, actual elements:  48
Freestream vel: 32.9 m/s
wake_history_length: [360]
num_rotors: 1
post_conv_revolutions: 2
Performing simulation
0.05407: rotor rev: 0.000,0.00000:  C_T0: 0.0000, T0: 0.0000, P0: 0.0000, Mx_0: 0.0000, My_0: 0.0000, θ0: 0.0000, θmin0: 0.0000, θmax0: 0.0000, θRMS0: 0.0000, χ0: 0.00, combined_C_T: 0.00000, max L_2: 1000
7.10630: rotor rev: 1.000,6.98436:  C_T0: 0.0098, T0: 4.7699, P0: 107.3008, Mx_0: 0.0786, My_0: -0.0028, θ0: 32.4913, θmin0: 3.0000, θmax0: 54.8232, θRMS0: 32.5672, χ0: 0.00, combined_C_T: 0.00984, max L_2: 1000
9.86080: rotor rev: 2.000,9.72679:  C_T0: 0.0100, T0: 4.8441, P0: 91.3377, Mx_0: 0.0003, My_0: -0.0000, θ0: 33.3477, θmin0: 33.0894, θmax0: 33.5430, θRMS0: 33.3479, χ0: 0.00, combined_C_T: 0.01000, max L_2: 1000
9.81685: rotor rev: 3.000,9.68137:  C_T0: 0.0100, T0: 4.8448, P0: 72.1890, Mx_0: 0.0000, My_0: -0.0000, θ0: 33.6506, θmin0: 33.5438, θmax0: 33.7250, θRMS0: 33.6506, χ0: 0.00, combined_C_T: 0.01000, max L_2: 1000
10.08464: rotor rev: 4.000,9.93155:  C_T0: 0.0100, T0: 4.8452, P0: 61.3232, Mx_0: 0.0000, My_0: 0.0000, θ0: 33.7507, θmin0: 33.7253, θmax0: 33.7600, θRMS0: 33.7507, χ0: 0.00, combined_C_T: 0.01000, max L_2: 1000
9.88926: rotor rev: 5.000,9.74052:  C_T0: 0.0100, T0: 4.8453, P0: 59.1296, Mx_0: 0.0000, My_0: 0.0000, θ0: 33.7477, θmin0: 33.7324, θmax0: 33.7592, θRMS0: 33.7477, χ0: 0.00, combined_C_T: 0.01000, max L_2: 1000
9.95816: rotor rev: 6.000,9.81560:  C_T0: 0.0100, T0: 4.8453, P0: 61.0005, Mx_0: 0.0000, My_0: 0.0000, θ0: 33.7174, θmin0: 33.7052, θmax0: 33.7323, θRMS0: 33.7174, χ0: 0.00, combined_C_T: 0.01000, max L_2: 1000
9.98022: rotor rev: 7.000,9.81396:  C_T0: 0.0100, T0: 4.8453, P0: 62.7925, Mx_0: 0.0000, My_0: 0.0000, θ0: 33.6995, θmin0: 33.6966, θmax0: 33.7051, θRMS0: 33.6995, χ0: 0.00, combined_C_T: 0.01000, max L_2: 1000
9.92192: rotor rev: 8.000,9.77842:  C_T0: 0.0100, T0: 4.8453, P0: 63.3353, Mx_0: 0.0000, My_0: 0.0000, θ0: 33.6975, θmin0: 33.6966, θmax0: 33.6991, θRMS0: 33.6975, χ0: 0.00, combined_C_T: 0.01000, max L_2: 1000
9.87214: rotor rev: 9.000,9.71408:  C_T0: 0.0100, T0: 4.8453, P0: 63.1656, Mx_0: 0.0000, My_0: 0.0000, θ0: 33.7012, θmin0: 33.6992, θmax0: 33.7030, θRMS0: 33.7012, χ0: 0.00, combined_C_T: 0.01000, max L_2: 1000
9.87523: rotor rev: 10.000,9.73159:  C_T0: 0.0100, T0: 4.8453, P0: 62.9149, Mx_0: 0.0000, My_0: 0.0000, θ0: 33.7040, θmin0: 33.7030, θmax0: 33.7046, θRMS0: 33.7040, χ0: 0.00, combined_C_T: 0.01000, max L_2: 1000
579.49430: rotor rev: 11.000,10.33864:  C_T0: 0.0100, T0: 4.8453, P0: 62.8113, Mx_0: -0.0000, My_0: -0.0000, θ0: 33.7047, θmin0: 33.7045, θmax0: 33.7047, θRMS0: 33.7047, χ0: 0.00, combined_C_T: 0.01000, max L_2: 1000
587.79850: rotor rev: 12.000,10.08885:  C_T0: 0.0100, T0: 4.8453, P0: 62.8185, Mx_0: -0.0000, My_0: -0.0000, θ0: 33.7043, θmin0: 33.7040, θmax0: 33.7045, θRMS0: 33.7043, χ0: 0.00, combined_C_T: 0.01000, max L_2: 1000

Running sim with aoa: 0.0
----------------------------------------------
simulating aero
