
Running sim with aoa: 0.0
----------------------------------------------
simulating aero
Rotor Rotor_0 is rotor 0
Adding constant motion lambda for frame Rotor_0. Part of rotor 0
mus: [0.10966667]
omegas: [200]
wake_history_revs: [1]
wake_history_length: [360]
requested_elements: 48, actual elements:  48
Freestream vel: 32.9 m/s
wake_history_length: [360]
num_rotors: 1
post_conv_revolutions: 2
Performing simulation
0.00238: rotor rev: 0.000,0.00000:  C_T0: 0.0000, T0: 0.0000, P0: 0.0000, Mx_0: 0.0000, My_0: 0.0000, θ0: 0.0000, θmin0: 0.0000, θmax0: 0.0000, θRMS0: 0.0000, χ0: 0.00, combined_C_T: 0.00000, max L_2: 1000
5.30521: rotor rev: 1.000,5.16958:  C_T0: 0.0100, T0: 7637.0008, P0: 109160.2286, Mx_0: -1386.2508, My_0: -597.4455, θ0: 8.9249, θmin0: 3.0000, θmax0: 11.0914, θRMS0: 9.0498, χ0: 45.55, combined_C_T: 0.00996, max L_2: nan
6.18557: rotor rev: 2.000,6.04426:  C_T0: 0.0100, T0: 7666.2139, P0: 143926.8681, Mx_0: -1542.5328, My_0: -1722.9991, θ0: 11.5844, θmin0: 11.0646, θmax0: 11.9874, θRMS0: 11.5868, χ0: 63.66, combined_C_T: 0.01000, max L_2: 0.0974334042055157
5.91243: rotor rev: 3.000,5.77057:  C_T0: 0.0100, T0: 7669.9946, P0: 143179.6195, Mx_0: -1585.1771, My_0: -1767.7050, θ0: 11.6611, θmin0: 11.4248, θmax0: 11.9507, θRMS0: 11.6619, χ0: 69.42, combined_C_T: 0.01000, max L_2: 0.08818798746812588
5.97600: rotor rev: 4.000,5.83627:  C_T0: 0.0100, T0: 7669.4979, P0: 142171.1971, Mx_0: -1557.6299, My_0: -1672.4507, θ0: 11.4154, θmin0: 11.2556, θmax0: 11.6015, θRMS0: 11.4158, χ0: 70.95, combined_C_T: 0.01000, max L_2: 0.04314893295496631
5.99260: rotor rev: 5.000,5.84554:  C_T0: 0.0100, T0: 7669.0231, P0: 141411.9234, Mx_0: -1554.9580, My_0: -1656.9619, θ0: 11.3761, θmin0: 11.2517, θmax0: 11.5304, θRMS0: 11.3766, χ0: 70.98, combined_C_T: 0.01000, max L_2: 0.0038199220462579093
5.95531: rotor rev: 6.000,5.81435:  C_T0: 0.0100, T0: 7669.0825, P0: 141494.7989, Mx_0: -1555.2735, My_0: -1660.1851, θ0: 11.3802, θmin0: 11.2559, θmax0: 11.5322, θRMS0: 11.3806, χ0: 71.05, combined_C_T: 0.01000, max L_2: 0.0013074420055141742
5.95659: rotor rev: 7.000,5.81036:  C_T0: 0.0100, T0: 7669.0666, P0: 141472.2318, Mx_0: -1554.4122, My_0: -1657.8515, θ0: 11.3746, θmin0: 11.2514, θmax0: 11.5247, θRMS0: 11.3750, χ0: 71.08, combined_C_T: 0.01000, max L_2: 0.0010868510972586632
Simulation reached convergence criteria: 0.00019917429248512525
5.95053: rotor rev: 8.000,5.80312:  C_T0: 0.0100, T0: 7669.0559, P0: 141453.4605, Mx_0: -1554.5304, My_0: -1657.8776, θ0: 11.3748, θmin0: 11.2521, θmax0: 11.5242, θRMS0: 11.3752, χ0: 71.07, combined_C_T: 0.01000, max L_2: 0.00019917429248512525
242.89171: rotor rev: 9.000,6.21748:  C_T0: 0.0100, T0: 7669.0609, P0: 141461.1856, Mx_0: -1554.5484, My_0: -1658.0595, θ0: 11.3751, θmin0: 11.2522, θmax0: 11.5249, θRMS0: 11.3755, χ0: 71.07, combined_C_T: 0.01000, max L_2: 6.376400755848297e-05
245.99128: rotor rev: 10.000,6.01618:  C_T0: 0.0100, T0: 7669.0597, P0: 141459.4774, Mx_0: -1554.5151, My_0: -1657.9501, θ0: 11.3749, θmin0: 11.2520, θmax0: 11.5246, θRMS0: 11.3753, χ0: 71.07, combined_C_T: 0.01000, max L_2: 4.4387988001055664e-05

Running sim with aoa: 0.0
----------------------------------------------
simulating aero
