
Running sim with aoa: 4.3
----------------------------------------------
simulating aero
Rotor Main Rotor is rotor 0
Adding constant motion lambda for frame Main Rotor. Part of rotor 0. omega = 109.12, vector = 0.0, 0.0, 1.0
Adding fourier motion lambda for frame flap hinge_0 with azimuth offset 0.0. Part of rotor 0
Adding fourier motion lambda for frame elastic twist_0 with azimuth offset 0.0. Part of rotor 0
Adding fourier motion lambda for frame flap hinge_1 with azimuth offset 1.5707963267948966. Part of rotor 0
Adding fourier motion lambda for frame elastic twist_1 with azimuth offset 1.5707963267948966. Part of rotor 0
Adding fourier motion lambda for frame flap hinge_2 with azimuth offset 3.141592653589793. Part of rotor 0
Adding fourier motion lambda for frame elastic twist_2 with azimuth offset 3.141592653589793. Part of rotor 0
Adding fourier motion lambda for frame flap hinge_3 with azimuth offset 4.71238898038469. Part of rotor 0
Adding fourier motion lambda for frame elastic twist_3 with azimuth offset 4.71238898038469. Part of rotor 0
mus: [0.15075147]
omegas: [109.12]
wake_history_revs: [5]
wake_history_length: [1800]
requested_elements: 48, actual elements:  48
Freestream vel: 32.9 m/s
wake_history_length: [1800]
num_rotors: 1
post_conv_revolutions: 2
Performing simulation
c_mx_bars: [20], c_my_bars: [-20]
0.00358: rotor rev: 0.000,0.00000:  C_T0: 0.0000, T0: 0.0000, P0: 0.0000, Mx_0: 0.0000, My_0: 0.0000, θ0: 0.0000, θmin0: 0.0000, θmax0: 0.0000, θRMS0: 0.0000, θ1c_0: 0.0000, θ1s_0: 0.0000, χ0: 0.00, combined_C_T: 0.00000, max L_2: 1000

Running sim with aoa: 4.3
----------------------------------------------
simulating aero
